[ajax.googleapis.com/ajax/libs/jquery/1.3.2/jquery.min.js]
[www.ptclinic.com/site/jquery.metadata.pack.js]
[www.ptclinic.com/site/site_jquery.js]
[www.ptclinic.com/site/jmovie.js]
[www.ptclinic.com/site/colorlist.js]
[backblue.gif]
[fade.gif]
[index.html]
[www.ptclinic.com/site/fpmovie.js]
[ptclinic.com/site/minibanners.js]
[ptclinic.com/websites/514/website/style.css]
[www.rmpt.com/images/home_over.jpg]
[www.rmpt.com/images/careers_over.jpg]
[www.rmpt.com/images/elocation_over.jpg]
[www.rmpt.com/images/staff_over.jpg]
[www.rmpt.com/images/services_over.jpg]
[www.rmpt.com/images/aboutus_over.jpg]
[www.rmpt.com/images/insurance_over.jpg]
[www.rmpt.com/images/contactus_over.jpg]
[www.rmpt.com/images/testimonials_over.jpg]
[www.rmpt.com/images/medlib_over.jpg]
[www.rmpt.com/images/patientForms_over.jpg]
[www.rmpt.com/images/links_over.jpg]
[www.rmpt.com/images/faq_over.jpg]
[www.rmpt.com/images/left1.gif]
[www.rmpt.com/images/tableBG.jpg]
[www.rmpt.com/images/headerIMG.jpg]
[www.rmpt.com/images/home.jpg]
[www.rmpt.com/images/elocation.jpg]
[www.rmpt.com/images/services.jpg]
[www.rmpt.com/images/insurance.jpg]
[www.rmpt.com/images/contactus.jpg]
[www.rmpt.com/images/testimonials.jpg]
[www.rmpt.com/images/medlib.jpg]
[www.rmpt.com/images/patientForms.jpg]
[www.rmpt.com/images/links.jpg]
[www.rmpt.com/images/faq.jpg]
[rmpt.com/images/careers-edit.jpg]
[www.rmpt.com/images/menuBottom.jpg]
[www.rmpt.com/images/contentArea.jpg]
[www.ptclinic.com/site/jquery.li-scroller.1.0.js]
[www.ptclinic.com/websites/514/website/photos/pt_jeanne2.gif]
[www.rmpt.com/images/right1.gif]
[www.rmpt.com/images/leftBottom.gif]
[www.rmpt.com/images/bottom1.jpg]
[www.rmpt.com/images/rightBottom.gif]
[static.getclicky.com/media/align.gif]
[www.rmpt.com/index.html]
[www.ptclinic.com/site/plus.gif]
[ptclinic.com/websites/514/website/style.css]
[www.ptclinic.com/site/minus.gif]
[www.rmpt.com/home.html]
[www.ptclinic.com/websites/514/website/photos/locations/garland.jpg]
[www.ptclinic.com/websites/514/website/photos/kevin-craig.png]
[www.ptclinic.com/websites/514/website/photos/LindseyWay.gif]
[www.ptclinic.com/websites/514/website/photos/RonaldSchoenrock.png]
[www.ptclinic.com/websites/514/website/photos/map_garland.jpg]
[www.rmpt.com/location.html]
[www.ptclinic.com/websites/514/website/photos/machine1.jpg]
[www.rmpt.com/services.html]
[www.rmpt.com/insurance.html]
[www.rmpt.com/testimonials.html]
[www.ptclinic.com/site/jload.js]
[www.ptclinic.com/site/ui.tabs.css]
[www.ptclinic.com/site/ui.tabs.js]
[www.ptclinic.com/medlibrary/medlibraryNew_front2a.js]
[www.ptclinic.com/medlibrary/new_front.js]
[www.ptclinic.com/medlibrary/bodyNew/full_back.gif]
[ptclinic.com/medlibrary/bodyNew/left.gif]
[ptclinic.com/medlibrary/spacer.gif]
[ptclinic.com/medlibrary/bodyNew/top_text.gif]
[www.rmpt.com/library.html]
[ptclinic.com/medlibrary/bodyNew/bottom_right.gif]
[www.rmpt.com/paperwork/newpatientdocs2013-02-19c.pdf]
[www.rmpt.com/images/cvrpg4dwnlds_4.gif]
[www.rmpt.com/paperwork/insurance2016.pdf]
[www.rmpt.com/paperwork/RMPT_RX_Pad2017.pdf]
[www.rmpt.com/paperwork/HIPAAPrivacyNoticev2013.pdf]
[www.rmpt.com/paperwork.html]
[www.ptclinic.com/site/faq_j.js]
[www.ptclinic.com/site/firstvisitsnapshot.jpg]
[www.rmpt.com/faq.html]
[www.rmpt.com/contactus.html]
[www.rmpt.com/links.html]
[www.rmpt.com/seo_style.css]
[www.rmpt.com/sitemap.html]
[www.rmpt.com/physical-therapy-terrell.html]
[www.rmpt.com/physical-therapy-rockwall.html]
[www.rmpt.com/physical-therapy-rowlett.html]
[www.rmpt.com/physical-therapy-mesquite.html]
[www.rmpt.com/physical-therapy-quinlan.html]
[www.rmpt.com/physical-therapy-forney-tx.html]
[www.ptclinic.com/site/tab2.gif]
[www.ptclinic.com/site/loading.gif]
[www.ptclinic.com/site/ui.tabs.css]
[www.rmpt.com/library_systemic.html]
[www.rmpt.com/library_health.html]
[ptclinic.com/sys/js/swfobject.js]
[ptclinic.com/medlibrary/body/video_norm.gif]
[www.rmpt.com/library_treatments.html]
[www.rmpt.com/library_exercise&article=62.html]
[www.rmpt.com/library_md.html]
[ptclinic.com/site/jquery.fitvids.js]
[www.rmpt.com/library_firstVisit.html]
[www.rmpt.com/about.html]
[www.rmpt.com/careers.html]
[www.rmpt.com/physical-therapy-greenville.html]
[www.ptclinic.com/websites/514/website/photos/groupshot.jpg]
[www.rmpt.com/staff.html]
[ptclinic.com/img/photos/strain.gif]
[ptclinic.com/medlibrary/body/camera.gif]
[www.rmpt.com/library_systemic_51.html]
[ptclinic.com/medlibrary/images/oaprocess.gif]
[www.rmpt.com/library_systemic_57.html]
[www.ptclinic.com/medlibrary/images/v2/tenderpoints.gif]
[www.rmpt.com/library_systemic_65.html]
[ptclinic.com/medlibrary/images/v2/op.gif]
[www.rmpt.com/library_systemic_66.html]
[ptclinic.com/medlibrary/images/v2/incontinence.gif]
[www.rmpt.com/library_systemic_67.html]
[ptclinic.com/medlibrary/images/v2/edema.gif]
[www.rmpt.com/library_systemic_68.html]
[www.rmpt.com/library_systemic_69.html]
[ptclinic.com/medlibrary/images/ear_anatomy.gif]
[www.rmpt.com/library_systemic_73.html]
[www.rmpt.com/library_treatments_70.html]
[www.rmpt.com/library_treatments_96.html]
[www.rmpt.com/library_treatments_94.html]
[www.rmpt.com/library_treatments_42.html]
[www.rmpt.com/library_treatments_50.html]
[www.rmpt.com/library_treatments_86.html]
[www.rmpt.com/library_exercise_58.html]
[www.rmpt.com/library_exercise_60.html]
[www.rmpt.com/library_exercise_61.html]
[www.ptclinic.com/img/get_adobe_reader.gif]
[www.rmpt.com/library_exercise_62.html]
[www.rmpt.com/library_md_70.html]
[www.rmpt.com/library_md_72.html]
[www.rmpt.com/paperwork/index.html]
[www.rmpt.com/faq/index.html]
[www.rmpt.com/library/index.html]
[www.rmpt.com/location/index.html]
[www.rmpt.com/library_treatments_33.html]
[www.rmpt.com/library_treatments_40.html]
[www.rmpt.com/library_treatments_93.html]
[www.rmpt.com/library_treatments_56.html]
[www.rmpt.com/library_treatments_72.html]
[www.rmpt.com/library_treatments_73.html]
[www.rmpt.com/library_treatments_75.html]
[www.rmpt.com/library_treatments_95.html]
[www.rmpt.com/library_treatments_80.html]
[www.rmpt.com/library_treatments_81.html]
[www.rmpt.com/library_treatments_41.html]
[www.rmpt.com/library_treatments_48.html]
[www.rmpt.com/library_treatments_58.html]
[www.rmpt.com/library_treatments_59.html]
[www.rmpt.com/library_treatments_60.html]
[www.rmpt.com/library_treatments_74.html]
