[backblue.gif]
[fade.gif]
[index.html]
[external.html]
[ajax/libs/jquery/1.3.2/jquery.min.js]
[site/jquery.metadata.pack.js]
[site/site_jquery.js]
[site/jmovie.js]
[index-2.html]
[site/colorlist.js]
[site/fpmovie.js]
[site/minibanners.js]
[images/home_over.jpg]
[images/careers_over.jpg]
[images/elocation_over.jpg]
[images/staff_over.jpg]
[websites/514/website/style.css]
[images/services_over.jpg]
[images/aboutus_over.jpg]
[images/insurance_over.jpg]
[images/contactus_over.jpg]
[images/testimonials_over.jpg]
[images/medlib_over.jpg]
[images/patientForms_over.jpg]
[images/links_over.jpg]
[images/faq_over.jpg]
[images/left1.gif]
[images/tableBG.jpg]
[images/headerIMG.jpg]
[images/home.jpg]
[images/elocation.jpg]
[images/services.jpg]
[images/insurance.jpg]
[home.html]
[images/contactus.jpg]
[images/testimonials.jpg]
[images/medlib.jpg]
[images/patientForms.jpg]
[location.html]
[images/links.jpg]
[images/faq.jpg]
[images/careers-edit.jpg]
[images/menuBottom.jpg]
[images/contentArea.jpg]
[site/jquery.li-scroller.1.0.js]
[services.html]
[images/right1.gif]
[images/leftBottom.gif]
[insurance.html]
[images/bottom1.jpg]
[images/rightBottom.gif]
[testimonials.html]
[medlibrary/bodyNew/bottom_right.gif]
[library.html]
[paperwork/newpatientdocs2013-02-19c.pdf]
[media/align.gif]
[site/plus.gif]
[images/cvrpg4dwnlds_4.gif]
[paperwork/insurance2016.pdf]
[site/minus.gif]
[paperwork/RMPT_RX_Pad2017.pdf]
[paperwork/HIPAAPrivacyNoticev2013.pdf]
[paperwork.html]
[site/faq_j.js]
[site/firstvisitsnapshot.jpg]
[websites/514/website/photos/machine1.jpg]
[faq.html]
[contactus.html]
[site/jload.js]
[site/ui.tabs.js]
[links.html]
[medlibrary/medlibraryNew_front2a.js]
[print/home]
[medlibrary/new_front.js]
[seo_style.css]
[medlibrary/bodyNew/full_back.gif]
[medlibrary/bodyNew/left.gif]
[medlibrary/spacer.gif]
[medlibrary/bodyNew/top_text.gif]
[websites/514/website/photos/pt_jeanne2.gif]
[sitemap.html]
[physical-therapy-terrell.html]
[physical-therapy-rockwall.html]
[physical-therapy-rowlett.html]
[physical-therapy-mesquite.html]
[physical-therapy-quinlan.html]
[physical-therapy-forney-tx.html]
[websites/514/website/photos/locations/garland.jpg]
[websites/514/website/photos/kevin-craig.png]
[websites/514/website/photos/LindseyWay.gif]
[websites/514/website/photos/RonaldSchoenrock.png]
[websites/514/website/photos/map_garland.jpg]
[print/location]
[print/services]
[print/insurance]
[print/testimonials]
[site/tab2.gif]
[site/loading.gif]
[site/ui.tabs.css]
[library_systemic.html]
[library_health.html]
[sys/js/swfobject.js]
[medlibrary/body/video_norm.gif]
[library_treatments.html]
[library_exercise&article=62.html]
[library_md.html]
[site/jquery.fitvids.js]
[library_firstVisit.html]
[about.html]
[careers.html]
[physical-therapy-greenville.html]
[websites/514/website/photos/groupshot.jpg]
[staff.html]
[img/photos/strain.gif]
[medlibrary/body/camera.gif]
[library_systemic_51.html]
[medlibrary/images/oaprocess.gif]
[library_systemic_57.html]
[medlibrary/images/v2/tenderpoints.gif]
[library_systemic_65.html]
[medlibrary/images/v2/op.gif]
[library_systemic_66.html]
[medlibrary/images/v2/incontinence.gif]
[library_systemic_67.html]
[medlibrary/images/v2/edema.gif]
[library_systemic_68.html]
[library_systemic_69.html]
[medlibrary/images/ear_anatomy.gif]
[library_systemic_73.html]
[library_treatments_70.html]
[library_treatments_96.html]
[library_treatments_94.html]
[library_treatments_42.html]
[library_treatments_50.html]
[library_treatments_86.html]
[library_exercise_58.html]
[library_exercise_60.html]
[library_exercise_61.html]
[img/get_adobe_reader.gif]
[library_exercise_62.html]
[library_md_70.html]
[library_md_72.html]
[paperwork/index.html]
[faq/index.html]
[library/index.html]
[location/index.html]
[library_treatments_33.html]
[library_treatments_40.html]
[library_treatments_93.html]
[library_treatments_56.html]
[library_treatments_72.html]
[library_treatments_73.html]
[library_treatments_75.html]
[library_treatments_95.html]
[library_treatments_80.html]
[library_treatments_81.html]
[library_treatments_41.html]
[library_treatments_48.html]
[library_treatments_58.html]
[library_treatments_59.html]
[library_treatments_60.html]
[library_treatments_74.html]
