[ajax/libs/jquery/1.3.2/jquery.min.js]
[site/jquery.metadata.pack.js]
[site/site_jquery.js]
[site/jmovie.js]
[site/colorlist.js]
[backblue.gif]
[fade.gif]
[index.html]
[site/fpmovie.js]
[site/minibanners.js]
[websites/514/website/style.css]
[images/home_over.jpg]
[images/careers_over.jpg]
[images/elocation_over.jpg]
[images/staff_over.jpg]
[images/services_over.jpg]
[images/aboutus_over.jpg]
[images/insurance_over.jpg]
[images/contactus_over.jpg]
[images/testimonials_over.jpg]
[images/medlib_over.jpg]
[images/patientForms_over.jpg]
[images/links_over.jpg]
[images/faq_over.jpg]
[images/left1.gif]
[images/tableBG.jpg]
[images/headerIMG.jpg]
[images/home.jpg]
[images/elocation.jpg]
[images/services.jpg]
[images/insurance.jpg]
[images/contactus.jpg]
[images/testimonials.jpg]
[images/medlib.jpg]
[images/patientForms.jpg]
[images/links.jpg]
[images/faq.jpg]
[images/careers-edit.jpg]
[images/menuBottom.jpg]
[images/contentArea.jpg]
[site/jquery.li-scroller.1.0.js]
[websites/514/website/photos/pt_jeanne2.gif]
[external.html]
[images/right1.gif]
[images/leftBottom.gif]
[images/bottom1.jpg]
[images/rightBottom.gif]
[media/align.gif]
[index-2.html]
[site/plus.gif]
[websites/514/website/style.css]
[site/minus.gif]
[home.html]
[websites/514/website/photos/locations/garland.jpg]
[websites/514/website/photos/kevin-craig.png]
[websites/514/website/photos/LindseyWay.gif]
[websites/514/website/photos/RonaldSchoenrock.png]
[websites/514/website/photos/map_garland.jpg]
[location.html]
[websites/514/website/photos/machine1.jpg]
[services.html]
[insurance.html]
[testimonials.html]
[site/jload.js]
[site/ui.tabs.css]
[medlibrary/medlibraryNew_front2a.js]
[site/ui.tabs.js]
[medlibrary/new_front.js]
[medlibrary/bodyNew/full_back.gif]
[medlibrary/bodyNew/left.gif]
[medlibrary/spacer.gif]
[medlibrary/bodyNew/top_text.gif]
[medlibrary/bodyNew/bottom_right.63.delayed]
[external.gif]
[library.html]
[paperwork.html]
[faq.html]
[contactus.html]
[links.html]
[seo_style.css]
[sitemap.html]
[physical-therapy-terrell.html]
[physical-therapy-rockwall.html]
[physical-therapy-rowlett.html]
[physical-therapy-mesquite.html]
[physical-therapy-quinlan.html]
[physical-therapy-forney-tx.html]
[site/ui.tabs.css]
[library_systemic.html]
[library_health.html]
[library_treatments.html]
[library_exercise&article=62.html]
[library_md.html]
[medlibrary/bodyNew/bottom_right.html]
